Go to the following link in your browser:

 https://accounts.google.com/o/oauth2/auth?client_id=144169.apps.googleusercontent.com&code_challenge_method=S256&redirect_uri=http%3A%2F%2Flocalhost&response_type=code&scope=https%3A%2F%2Fwww.googleapis.com%2Fauth%2Fpubsub&state=state
{}