example@example.com https://www.googleapis.com/auth/pubsub

