{"aud":"https://pubsub.googleapis.com/","iss":"123-abc@developer.gserviceaccount.com","sub":"123-abc@developer.gserviceaccount.com"}