Go to the following link in your browser:

   https://accounts.google.com/o/oauth2/auth?client_id=144169.apps.googleusercontent.com&code_challenge_method=S256&redirect_uri=urn%3Aietf%3Awg%3Aoauth%3A2.0%3Aoob&response_type=code&scope=openid+profile+email&state=state

Enter authorization code:
ya29.GltDB_y4Oz8lVB5diZu9YVMgHuXoSVBXx6jt7WU9n8IaXk63RejERFtx2LfrH-VL51CbaAxKsC8EoMZXg50h2QvOcUQ-YZTvFnKtIJpLj_Zj68M56_VagXpZkZd7
