{"expiry":"0001-01-01T00:00:00Z","issued_token_type":"urn:ietf:params:oauth:token-type:access_token","token_type":"Bearer"}