Please specify one command of: curl, fetch, header, info, reset or test
