Neither audience nor scope argument is provided for JWT
